#0 building with "desktop-linux" instance using docker driver

#1 [internal] load build definition from Dockerfile
#1 transferring dockerfile: 1.66kB done
#1 DONE 0.0s

#2 resolve image config for docker-image://docker.io/docker/dockerfile:1
#2 ...

#3 [auth] docker/dockerfile:pull token for registry-1.docker.io
#3 DONE 0.0s

#2 resolve image config for docker-image://docker.io/docker/dockerfile:1
#2 DONE 1.2s

#4 docker-image://docker.io/docker/dockerfile:1@sha256:87999aa3d42bdc6bea60565083ee17e86d1f3339802f543c0d03998580f9cb89
#4 resolve docker.io/docker/dockerfile:1@sha256:87999aa3d42bdc6bea60565083ee17e86d1f3339802f543c0d03998580f9cb89 0.0s done
#4 CACHED

#5 [internal] load metadata for docker.io/library/golang:1.26
#5 ...

#6 [auth] library/golang:pull token for registry-1.docker.io
#6 DONE 0.0s

#7 [internal] load metadata for gcr.io/distroless/static-debian12:nonroot
#7 DONE 0.7s

#5 [internal] load metadata for docker.io/library/golang:1.26
#5 DONE 0.9s

#8 [internal] load .dockerignore
#8 transferring context: 157B done
#8 DONE 0.0s

#9 [stage-1 1/4] FROM gcr.io/distroless/static-debian12:nonroot@sha256:d093aa3e30dbadd3efe1310db061a14da60299baff8450a17fe0ccc514a16639
#9 resolve gcr.io/distroless/static-debian12:nonroot@sha256:d093aa3e30dbadd3efe1310db061a14da60299baff8450a17fe0ccc514a16639 0.0s done
#9 DONE 0.0s

#10 [build  1/10] FROM docker.io/library/golang:1.26@sha256:2d6c80227255c3112a4d08e67ba98e58efd3846daf15d9d7d4c389565d881b1a
#10 resolve docker.io/library/golang:1.26@sha256:2d6c80227255c3112a4d08e67ba98e58efd3846daf15d9d7d4c389565d881b1a 0.0s done
#10 DONE 0.0s

#11 [internal] load build context
#11 transferring context: 1.99MB 0.1s done
#11 DONE 0.2s

#12 [build  2/10] WORKDIR /src
#12 CACHED

#13 [build  3/10] COPY go.mod ./
#13 CACHED

#14 [build  4/10] COPY main.go ./
#14 DONE 0.0s

#15 [build  5/10] COPY internal/ ./internal/
#15 DONE 0.1s

#16 [build  6/10] COPY cmd/ ./cmd/
#16 DONE 0.1s

#17 [build  7/10] COPY resources/normalization.json resources/mcc_risk.json resources/model.json ./resources/
#17 DONE 0.1s

#18 [build  8/10] RUN CGO_ENABLED=0 GOOS=linux GOARCH=amd64     go build -trimpath -ldflags="-s -w" -o /out/rinha-fraud . &&     CGO_ENABLED=0 GOOS=linux GOARCH=amd64     go build -trimpath -o /out/buildindex ./cmd/buildindex
#18 DONE 5.9s

#19 [build  9/10] COPY resources/references.json.gz ./resources/references.json.gz
#19 DONE 0.2s

#20 [build 10/10] RUN REFERENCES_PATH=./resources/references.json.gz     INDEX_OUT=/out/index.bin     KNN_NLIST=4096     KNN_KMEANS_ITERS=8     /out/buildindex
#20 0.250 2026/05/31 15:10:35 buildindex: loading references from ./resources/references.json.gz ...
#20 7.820 2026/05/31 15:10:42 loaded 3000000 vectors in 6.723659696s
#20 7.820 2026/05/31 15:10:42 building ivf index (nlist=4096 nprobe=8 iters=8) ...
#20 22.39 2026/05/31 15:10:57 index built in 14.567110555s
#20 22.53 2026/05/31 15:10:57 wrote /out/index.bin (92.4 MB)
#20 DONE 22.7s

#21 [stage-1 2/4] WORKDIR /app
#21 CACHED

#22 [stage-1 3/4] COPY --from=build /out/rinha-fraud /app/rinha-fraud
#22 DONE 0.1s

#23 [stage-1 4/4] COPY --from=build /out/index.bin /app/index.bin
#23 DONE 0.2s

#24 exporting to image
#24 exporting layers
#24 exporting layers 4.6s done
#24 exporting manifest sha256:bc30fcf2b4a1064e5e707aa0aea082bede8db9a4f8e3df9abbabb2b04575dc4b 0.0s done
#24 exporting config sha256:d8aa0ef14eae1abeb90f8f56eb4ccd4eb37e58aa8d35023e073469afee93d9d1 0.0s done
#24 exporting attestation manifest sha256:f852b2a2a1f3aa604a6b1ea7da00387020a9f79a8832c542c6cd0fe9c8ccedd8 0.0s done
#24 exporting manifest list sha256:61ec8739fe4bcf83264a478590dfb0fad183a6aed61fd3735c1a44229433ec8e
#24 exporting manifest list sha256:61ec8739fe4bcf83264a478590dfb0fad183a6aed61fd3735c1a44229433ec8e 0.0s done
#24 naming to docker.io/library/rinha-fraud:local done
#24 unpacking to docker.io/library/rinha-fraud:local
#24 unpacking to docker.io/library/rinha-fraud:local 0.4s done
#24 DONE 5.1s
