Collecting xgboost
  Downloading xgboost-3.2.0-py3-none-win_amd64.whl.metadata (2.1 kB)
Collecting scikit-learn
  Downloading scikit_learn-1.8.0-cp312-cp312-win_amd64.whl.metadata (11 kB)
Requirement already satisfied: numpy in c:\users\srwal\appdata\roaming\python\python312\site-packages (from xgboost) (2.4.4)
Collecting scipy (from xgboost)
  Using cached scipy-1.17.1-cp312-cp312-win_amd64.whl.metadata (60 kB)
Collecting joblib>=1.3.0 (from scikit-learn)
  Downloading joblib-1.5.3-py3-none-any.whl.metadata (5.5 kB)
Collecting threadpoolctl>=3.2.0 (from scikit-learn)
  Downloading threadpoolctl-3.6.0-py3-none-any.whl.metadata (13 kB)
Downloading xgboost-3.2.0-py3-none-win_amd64.whl (101.7 MB)
   --------------------------------------- 101.7/101.7 MB 53.2 MB/s eta 0:00:00
Downloading scikit_learn-1.8.0-cp312-cp312-win_amd64.whl (8.0 MB)
   ---------------------------------------- 8.0/8.0 MB 55.4 MB/s eta 0:00:00
Downloading joblib-1.5.3-py3-none-any.whl (309 kB)
Using cached scipy-1.17.1-cp312-cp312-win_amd64.whl (36.5 MB)
Downloading threadpoolctl-3.6.0-py3-none-any.whl (18 kB)
Installing collected packages: threadpoolctl, scipy, joblib, xgboost, scikit-learn
Successfully installed joblib-1.5.3 scikit-learn-1.8.0 scipy-1.17.1 threadpoolctl-3.6.0 xgboost-3.2.0
